part.c:29:28:part_driver_lookup_type	16	static
part.c:80:18:blk_get_dev	8	static
part.c:114:6:dev_print	48	static
part.c:222:6:part_init	16	static
part.c:292:6:part_print	16	static
part.c:309:5:part_get_info	16	static
part.c:343:5:part_get_info_whole_disk	16	static
part.c:362:5:blk_get_device_by_str	40	static
part.c:423:5:blk_get_device_part_str	168	static
part.c:633:5:part_get_info_by_name_type	32	static
part.c:665:5:part_get_info_by_name	0	static
part.c:723:5:part_get_info_by_dev_and_name_or_num	40	static
part.c:748:6:part_set_generic_name	16	static
part.c:775:5:part_get_bootable	136	static
