debug.c:103:13:dbg_snprintf_key	16	static
debug.c:142:13:dbg_ntype	0	static
debug.c:188:13:dbg_cstate	0	static
debug.c:208:13:dbg_jhead	0	static
debug.c:236:6:ubifs_dump_inode	0	static
debug.c:306:6:ubifs_dump_node	104	static
debug.c:555:6:ubifs_dump_budget_req	8	static
debug.c:574:6:ubifs_dump_lstats	24	static
debug.c:657:6:ubifs_dump_budg	0	static
debug.c:662:6:ubifs_dump_lprop	56	static
debug.c:755:6:ubifs_dump_lprops	112	static
debug.c:777:6:ubifs_dump_lpt_info	32	static
debug.c:817:6:ubifs_dump_sleb	24	static
debug.c:835:6:ubifs_dump_leb	48	static
debug.c:875:6:ubifs_dump_znode	112	static
debug.c:978:12:dump_znode	8	static
debug.c:916:6:ubifs_dump_heap	40	static
debug.c:934:6:ubifs_dump_pnode	24	static
debug.c:954:6:ubifs_dump_tnc	32	static
debug.c:1500:5:dbg_check_dir	0	static
debug.c:1505:6:dbg_debugfs_exit_fs	0	static
debug.c:1510:5:ubifs_debugging_init	0	static
debug.c:1514:6:ubifs_debugging_exit	0	static
debug.c:1517:5:dbg_check_filesystem	0	static
debug.c:1521:5:dbg_debugfs_init_fs	0	static
debug.c:1615:5:dbg_check_tnc	0	static
debug.c:1636:5:dbg_walk_index	56	static
debug.c:993:6:ubifs_dump_index	0	static
debug.c:1788:5:dbg_check_idx_size	0	static
