efi_device_path.c:497:36:dp_size	16	static
efi_device_path.c:849:14:dp_part_node	160	static
efi_device_path.c:597:29:dp_fill	16	static
efi_device_path.c:73:25:efi_dp_next	0	static
efi_device_path.c:91:5:efi_dp_match	16	static
efi_device_path.c:127:25:efi_dp_shorten	8	static
efi_device_path.c:234:31:efi_dp_last_node	8	static
efi_device_path.c:248:13:efi_dp_instance_size	8	static
efi_device_path.c:152:21:find_handle	56	static
efi_device_path.c:213:14:efi_dp_find_obj	16	static
efi_device_path.c:263:13:efi_dp_size	0	static
efi_device_path.c:277:25:efi_dp_dup	16	static
efi_device_path.c:309:18:efi_dp_append_or_concatenate	32	static
efi_device_path.c:359:25:efi_dp_append	0	static
efi_device_path.c:375:25:efi_dp_concat	0	static
efi_device_path.c:381:25:efi_dp_append_node	24	static
efi_device_path.c:413:25:efi_dp_create_device_node	16	static
efi_device_path.c:431:25:efi_dp_append_instance	24	static
efi_device_path.c:458:25:efi_dp_get_next_instance	24	static
efi_device_path.c:483:6:efi_dp_is_multi_instance	0	static
efi_device_path.c:938:25:efi_dp_from_part	16	static
efi_device_path.c:960:25:efi_dp_part_node	16	static
efi_device_path.c:1016:25:efi_dp_from_file	32	static
efi_device_path.c:1051:25:efi_dp_from_uart	8	static
efi_device_path.c:1073:40:efi_dp_from_eth	8	static
efi_device_path.c:1094:25:efi_dp_from_mem	32	static
efi_device_path.c:1131:14:efi_dp_split_file_path	24	static
efi_device_path.c:1171:14:efi_dp_from_name	168	static
efi_device_path.c:1228:9:efi_dp_check_length	0	static
efi_device_path.c:1265:18:efi_dp_from_lo	16	static
efi_device_path.c:1296:25:search_gpt_dp_node	8	static
