fat.c:31:13:downcase	4	static
fat.c:774:13:fat_itr_child	4	static
fat.c:46:12:disk_read	8	static
fat_write.c:195:12:disk_write	8	static
fat_write.c:218:12:flush_dirty_fat_buffer	24	static
fat.c:164:14:get_fatent	32	static
fat_write.c:441:12:set_fatent_value	32	static
fat_write.c:548:14:determine_fatent	16	static
fat_write.c:865:12:clear_fatent	24	static
fat.c:249:1:get_cluster	40	dynamic
fat.c:490:1:read_bootsectandvi	24	static
fat.c:740:12:fat_itr_root	128	static
fat_write.c:1208:12:split_filename	32	static
fat.c:1194:28:fat2rtc	8	static
fat_write.c:50:12:str2fat	32	static
fat_write.c:579:1:set_sectors.isra.0	40	dynamic
fat_write.c:1290:12:normalize_longname	40	static
fat_write.c:655:12:flush_dir	16	static
fat_write.c:1488:12:delete_single_dentry	16	static
fat_write.c:929:1:set_contents	152	static
fat.c:61:5:fat_set_blk_dev	24	dynamic
fat.c:90:5:fat_register_device	136	static
fat.c:808:7:fat_next_cluster	24	static
fat.c:875:19:next_dent	16	static
fat.c:960:12:fat_itr_next	48	static
fat.c:1057:12:fat_itr_resolve	32	static
fat_write.c:1184:19:find_directory_entry	16	static
fat_write.c:396:1:fill_dir_slot	672	static
fat_write.c:78:12:fat_move_to_cluster	24	static
fat_write.c:105:12:set_name	80	static
fat_write.c:263:12:fat_find_empty_dentries	56	static
fat.c:1135:5:file_fat_detectfs	120	static
fat.c:1167:5:fat_exists	64	static
fat.c:1209:5:fat_size	72	static
fat.c:1246:5:fat_read_file	120	static
fat.c:1278:5:file_fat_read	32	static
fat.c:1297:5:fat_opendir	24	static
fat.c:1325:5:fat_readdir	16	static
fat.c:1356:6:fat_closedir	8	static
fat.c:1363:6:fat_close	0	static
fat.c:1367:5:fat_uuid	120	static
fat_write.c:1312:5:file_fat_write_at	384	static
fat_write.c:1439:5:file_fat_write	40	static
fat_write.c:1566:5:fat_unlink	128	static
fat_write.c:1637:5:fat_mkdir	392	static
