vsprintf.c:52:14:put_dec_trunc	12	static
vsprintf.c:130:23:put_dec	40	static
vsprintf.c:160:14:number	128	static
vsprintf.c:280:29:string16	40	static
vsprintf.c:259:14:string	24	static
vsprintf.c:522:12:vsnprintf_internal	120	static
vsprintf.c:742:5:vsnprintf	0	static
vsprintf.c:748:5:vscnprintf	8	static
vsprintf.c:761:5:snprintf	16	static
vsprintf.c:773:5:scnprintf	16	static
vsprintf.c:798:5:vsprintf	0	static
vsprintf.c:803:5:sprintf	12	static
vsprintf.c:827:5:vprintf	544	static
vsprintf.c:815:5:printf	16	static
vsprintf.c:849:7:simple_itoa	24	static
vsprintf.c:862:7:simple_xtoa	0	static
vsprintf.c:878:6:print_grouped_ull	48	static
vsprintf.c:893:6:str2off	24	static
vsprintf.c:901:6:str2long	24	static
vsprintf.c:909:7:strmhz	16	static
